============================= test session starts =============================
platform win32 -- Python 3.13.6, pytest-9.0.2, pluggy-1.6.0 -- C:\Users\sasib\AppData\Local\Programs\Python\Python313\python.exe
cachedir: .pytest_cache
rootdir: D:\innovation hackathon vit\phishing_detection\backend
configfile: pytest.ini
plugins: anyio-4.12.1, langsmith-0.7.1, asyncio-1.3.0
asyncio: mode=Mode.AUTO, debug=False, asyncio_default_fixture_loop_scope=function, asyncio_default_test_loop_scope=function
collecting ... collected 12 items

tests/test_api.py::TestHealthEndpoint::test_health_returns_200 PASSED    [  8%]
tests/test_api.py::TestQuickAnalyze::test_quick_safe_url PASSED          [ 16%]
tests/test_feed_manager.py::TestFeedManager::test_initial_state PASSED   [ 25%]
tests/test_feed_manager.py::TestFeedManager::test_get_rules_returns_list PASSED [ 33%]
tests/test_feed_manager.py::TestFeedManager::test_stats_keys PASSED      [ 41%]
tests/test_threat_intel.py::TestUrlSignals::test_safe_url PASSED         [ 50%]
tests/test_threat_intel.py::TestUrlSignals::test_ip_address_url PASSED   [ 58%]
tests/test_threat_intel.py::TestUrlSignals::test_suspicious_tld PASSED   [ 66%]
tests/test_threat_intel.py::TestMetaClassifier::test_all_signals_safe PASSED [ 75%]
tests/test_threat_intel.py::TestMetaClassifier::test_known_threat FAILED [ 83%]
tests/test_visual_analyzer.py::TestVisualAnalyzer::test_analyze_blank_image PASSED [ 91%]
tests/test_visual_analyzer.py::TestVisualAnalyzer::test_analyze_legitimate_domain_skipped PASSED [100%]

================================== FAILURES ===================================
____________________ TestMetaClassifier.test_known_threat _____________________
tests\test_threat_intel.py:31: in test_known_threat
    assert result["verdict"] == "phishing"
E   AssertionError: assert 'suspicious' == 'phishing'
E     
E     - phishing
E     + suspicious
------------------------------ Captured log call ------------------------------
ERROR    whois.whois:whois.py:254 Error trying to connect to socket: closing socket - timed out
============================== warnings summary ===============================
C:\Users\sasib\AppData\Local\Programs\Python\Python313\Lib\site-packages\pydantic\_internal\_config.py:323
  C:\Users\sasib\AppData\Local\Programs\Python\Python313\Lib\site-packages\pydantic\_internal\_config.py:323: PydanticDeprecatedSince20: Support for class-based `config` is deprecated, use ConfigDict instead. Deprecated in Pydantic V2.0 to be removed in V3.0. See Pydantic V2 Migration Guide at https://errors.pydantic.dev/2.11/migration/
    warnings.warn(DEPRECATION_MESSAGE, DeprecationWarning)

app\main.py:147
  D:\innovation hackathon vit\phishing_detection\backend\app\main.py:147: DeprecationWarning: 
          on_event is deprecated, use lifespan event handlers instead.
  
          Read more about it in the
          [FastAPI docs for Lifespan Events](https://fastapi.tiangolo.com/advanced/events/).
          
    @app.on_event("startup")

C:\Users\sasib\AppData\Local\Programs\Python\Python313\Lib\site-packages\fastapi\applications.py:4598
  C:\Users\sasib\AppData\Local\Programs\Python\Python313\Lib\site-packages\fastapi\applications.py:4598: DeprecationWarning: 
          on_event is deprecated, use lifespan event handlers instead.
  
          Read more about it in the
          [FastAPI docs for Lifespan Events](https://fastapi.tiangolo.com/advanced/events/).
          
    return self.router.on_event(event_type)  # ty: ignore[deprecated]

tests/test_api.py::TestHealthEndpoint::test_health_returns_200
  D:\innovation hackathon vit\phishing_detection\backend\app\main.py:74: DeprecationWarning: datetime.datetime.utcnow() is deprecated and scheduled for removal in a future version. Use timezone-aware objects to represent datetimes in UTC: datetime.datetime.now(datetime.UTC).
    "timestamp": datetime.utcnow().isoformat(),

tests/test_visual_analyzer.py::TestVisualAnalyzer::test_analyze_blank_image
  C:\Users\sasib\AppData\Local\Programs\Python\Python313\Lib\site-packages\easyocr\detection.py:81: DeprecationWarning: torch.ao.quantization is deprecated and will be removed in 2.10. 
  For migrations of users: 
  1. Eager mode quantization (torch.ao.quantization.quantize, torch.ao.quantization.quantize_dynamic), please migrate to use torchao eager mode quantize_ API instead 
  2. FX graph mode quantization (torch.ao.quantization.quantize_fx.prepare_fx,torch.ao.quantization.quantize_fx.convert_fx, please migrate to use torchao pt2e quantization API instead (prepare_pt2e, convert_pt2e) 
  3. pt2e quantization has been migrated to torchao (https://github.com/pytorch/ao/tree/main/torchao/quantization/pt2e) 
  see https://github.com/pytorch/ao/issues/2259 for more details
    torch.quantization.quantize_dynamic(net, dtype=torch.qint8, inplace=True)

tests/test_visual_analyzer.py::TestVisualAnalyzer::test_analyze_blank_image
tests/test_visual_analyzer.py::TestVisualAnalyzer::test_analyze_blank_image
  C:\Users\sasib\AppData\Local\Programs\Python\Python313\Lib\site-packages\torch\ao\quantization\quantize.py:570: DeprecationWarning: torch.ao.quantization is deprecated and will be removed in 2.10. 
  For migrations of users: 
  1. Eager mode quantization (torch.ao.quantization.quantize, torch.ao.quantization.quantize_dynamic), please migrate to use torchao eager mode quantize_ API instead 
  2. FX graph mode quantization (torch.ao.quantization.quantize_fx.prepare_fx,torch.ao.quantization.quantize_fx.convert_fx, please migrate to use torchao pt2e quantization API instead (prepare_pt2e, convert_pt2e) 
  3. pt2e quantization has been migrated to torchao (https://github.com/pytorch/ao/tree/main/torchao/quantization/pt2e) 
  see https://github.com/pytorch/ao/issues/2259 for more details
    convert(model, mapping, inplace=True)

tests/test_visual_analyzer.py::TestVisualAnalyzer::test_analyze_blank_image
  C:\Users\sasib\AppData\Local\Programs\Python\Python313\Lib\site-packages\easyocr\recognition.py:177: DeprecationWarning: torch.ao.quantization is deprecated and will be removed in 2.10. 
  For migrations of users: 
  1. Eager mode quantization (torch.ao.quantization.quantize, torch.ao.quantization.quantize_dynamic), please migrate to use torchao eager mode quantize_ API instead 
  2. FX graph mode quantization (torch.ao.quantization.quantize_fx.prepare_fx,torch.ao.quantization.quantize_fx.convert_fx, please migrate to use torchao pt2e quantization API instead (prepare_pt2e, convert_pt2e) 
  3. pt2e quantization has been migrated to torchao (https://github.com/pytorch/ao/tree/main/torchao/quantization/pt2e) 
  see https://github.com/pytorch/ao/issues/2259 for more details
    torch.quantization.quantize_dynamic(model, dtype=torch.qint8, inplace=True)

-- Docs: https://docs.pytest.org/en/stable/how-to/capture-warnings.html
=========================== short test summary info ===========================
FAILED tests/test_threat_intel.py::TestMetaClassifier::test_known_threat - As...
================== 1 failed, 11 passed, 8 warnings in 26.48s ==================
